// Vitest Snapshot v1, https://vitest.dev/guide/snapshot.html

exports[`snapshots next.js browserslist 1`] = `
[
  ""once" event listener option",
  "::first-letter CSS pseudo-element selector",
  "::placeholder CSS pseudo-element",
  "::selection CSS pseudo-element",
  ":default CSS pseudo-class",
  ":focus-within CSS pseudo-class",
  ":in-range and :out-of-range CSS pseudo-classes",
  ":indeterminate CSS pseudo-class",
  ":optional CSS pseudo-class",
  ":placeholder-shown CSS pseudo-class",
  "@font-face Web fonts",
  "Animated PNG (APNG)",
  "Array.prototype.find",
  "Array.prototype.findIndex",
  "Array.prototype.includes",
  "Arrow functions",
  "Async functions",
  "Attributes for form submission",
  "Audio element",
  "Autofocus attribute",
  "Base64 encoding and decoding",
  "Basic console logging functions",
  "Beacon API",
  "Blob URLs",
  "Blob constructing",
  "Brotli Accept-Encoding/Content-Encoding",
  "Built-in PDF viewer",
  "CSS 2.1 selectors",
  "CSS :any-link selector",
  "CSS :read-only and :read-write selectors",
  "CSS Animation",
  "CSS Counters",
  "CSS Feature Queries",
  "CSS Filter Effects",
  "CSS Flexible Box Layout Module",
  "CSS Font Loading",
  "CSS Generated content for pseudo-elements",
  "CSS Grid Layout (level 1)",
  "CSS Repeating Gradients",
  "CSS Shapes Level 1",
  "CSS Table display",
  "CSS Variables (Custom Properties)",
  "CSS all property",
  "CSS background-attachment",
  "CSS background-blend-mode",
  "CSS background-position edge offsets",
  "CSS background-repeat round and space",
  "CSS caret-color",
  "CSS currentColor value",
  "CSS first-line pseudo-element",
  "CSS font-display",
  "CSS font-feature-settings",
  "CSS font-stretch",
  "CSS font-variant-numeric",
  "CSS grab & grabbing cursors",
  "CSS initial value",
  "CSS inline-block",
  "CSS justify-content: space-evenly",
  "CSS min/max-width/height",
  "CSS namespaces",
  "CSS outline properties",
  "CSS pointer-events (for HTML)",
  "CSS position:fixed",
  "CSS print-color-adjust",
  "CSS resize property",
  "CSS text-orientation",
  "CSS text-stroke and text-fill",
  "CSS unset value",
  "CSS user-select: none",
  "CSS will-change property",
  "CSS writing-mode property",
  "CSS.supports() API",
  "CSS3 2D Transforms",
  "CSS3 3D Transforms",
  "CSS3 Background-image options",
  "CSS3 Border images",
  "CSS3 Border-radius (rounded corners)",
  "CSS3 Box-shadow",
  "CSS3 Box-sizing",
  "CSS3 Colors",
  "CSS3 Cursors (original values)",
  "CSS3 Cursors: zoom-in & zoom-out",
  "CSS3 Media Queries",
  "CSS3 Multiple backgrounds",
  "CSS3 Opacity",
  "CSS3 Overflow-wrap",
  "CSS3 Text-overflow",
  "CSS3 Text-shadow",
  "CSS3 Transitions",
  "CSS3 font-kerning",
  "CSS3 object-fit/object-position",
  "CSS3 selectors",
  "CSS3 word-break",
  "Canvas (basic support)",
  "Canvas blend modes",
  "Case-insensitive CSS attribute selectors",
  "ChaCha20-Poly1305 cipher suites for TLS",
  "Channel messaging",
  "ChildNode.remove()",
  "Constraint Validation API",
  "Content Security Policy 1.0",
  "Content Security Policy Level 2",
  "Crisp edges/pixelated images",
  "Cross-Origin Resource Sharing",
  "Cross-document messaging",
  "CustomEvent",
  "DOM Parsing and Serialization",
  "DOM manipulation convenience methods",
  "DOMContentLoaded",
  "Data URIs",
  "Details & Summary elements",
  "Directory selection from file input",
  "Do Not Track API",
  "Document Object Model Range",
  "Document.execCommand()",
  "Download attribute",
  "Drag and Drop",
  "ECMAScript 2015 (ES6)",
  "ECMAScript 5",
  "ECMAScript 5 Strict Mode",
  "ES6 Generators",
  "ES6 Number",
  "ES6 Template Literals (Template Strings)",
  "ES6 classes",
  "Element.closest()",
  "Element.getBoundingClientRect()",
  "Element.insertAdjacentElement() & Element.insertAdjacentText()",
  "Element.insertAdjacentHTML()",
  "Email, telephone & URL input types",
  "Encrypted Media Extensions",
  "EventTarget.addEventListener()",
  "EventTarget.dispatchEvent",
  "Fetch",
  "File API",
  "FileReader API",
  "FileReaderSync",
  "Font unicode-range subsetting",
  "Form attribute",
  "Form validation",
  "Gamepad API",
  "Geolocation",
  "HTML templates",
  "HTML5 semantic elements",
  "HTMLElement.innerText",
  "HTTP/2 protocol",
  "Hashchange event",
  "High Resolution Time API",
  "High-quality kerning pairs & ligatures",
  "IndexedDB",
  "IndexedDB 2.0",
  "Inline SVG in HTML5",
  "Internationalization API",
  "JSON parsing",
  "JavaScript modules via script tag",
  "JavaScript modules: dynamic import()",
  "KeyboardEvent.charCode",
  "KeyboardEvent.code",
  "KeyboardEvent.getModifierState()",
  "KeyboardEvent.key",
  "KeyboardEvent.location",
  "KeyboardEvent.which",
  "Link type "noreferrer"",
  "MP3 audio format",
  "MPEG-4/H.264 video format",
  "Media Queries: interaction media features",
  "Media Source Extensions",
  "Minimum length attribute for input fields",
  "Multiple file selection",
  "Mutation Observer",
  "Navigation Timing API",
  "Node.compareDocumentPosition()",
  "Node.textContent",
  "Number input type",
  "Object.entries",
  "Object.values method",
  "Offline web applications",
  "Online/offline status",
  "PNG alpha transparency",
  "PNG favicons",
  "Page Visibility",
  "PageTransitionEvent",
  "Passive event listeners",
  "Pattern attribute for input fields",
  "Picture element",
  "Pointer Lock API",
  "Promise.prototype.finally",
  "Promises",
  "Proxy object",
  "Range input type",
  "Rebeccapurple color",
  "Referrer Policy",
  "Resource Hints: preconnect",
  "Resource Timing (basic support)",
  "Rest parameters",
  "Reversed attribute of ordered lists",
  "SVG (basic support)",
  "SVG SMIL animation",
  "SVG filters",
  "SVG fragment identifiers",
  "SVG in CSS backgrounds",
  "SVG in HTML img element",
  "SVG vector-effect: non-scaling-stroke",
  "Search input type",
  "Selection API",
  "Selection controls for input & textarea",
  "Server Name Indication",
  "Server-sent events",
  "Service Workers",
  "Session history management",
  "Shadow DOM (V1)",
  "Speech Synthesis API",
  "Spellcheck attribute",
  "Strict Transport Security",
  "String.prototype.includes",
  "String.prototype.padStart(), String.prototype.padEnd()",
  "Subresource Integrity",
  "TLS 1.1",
  "TLS 1.2",
  "TTF/OTF - TrueType and OpenType font support",
  "Text API for Canvas",
  "TextEncoder & TextDecoder",
  "Typed Arrays",
  "URL API",
  "URLSearchParams",
  "Upgrade Insecure Requests",
  "User Timing API",
  "Video element",
  "Viewport units: vw, vh, vmin, vmax",
  "WOFF - Web Open Font Format",
  "WOFF 2.0 - Web Open Font Format",
  "Wav audio format",
  "Web Audio API",
  "Web Cryptography",
  "Web Notifications",
  "Web Sockets",
  "Web Storage - name/value pairs",
  "Web Workers",
  "WebAssembly",
  "WebGL - 3D Canvas graphics",
  "WebRTC Peer-to-peer connections",
  "WebVTT - Web Video Text Tracks",
  "Window.devicePixelRatio",
  "XHTML served as application/xhtml+xml",
  "XMLHttpRequest advanced features",
  "accept attribute for file input",
  "async attribute for external scripts",
  "background-position-x & background-position-y",
  "calc() as CSS unit value",
  "ch (character) unit",
  "classList (DOMTokenList)",
  "console.time and console.timeEnd",
  "const",
  "contenteditable attribute (basic support)",
  "crypto.getRandomValues()",
  "dataset & data-* attributes",
  "defer attribute for external scripts",
  "disabled attribute of the fieldset element",
  "document.currentScript",
  "document.elementFromPoint()",
  "document.evaluate & XPath",
  "document.head",
  "document.scrollingElement",
  "focusin & focusout events",
  "getComputedStyle",
  "getElementsByClassName",
  "getUserMedia/Stream API",
  "hidden attribute",
  "indeterminate checkbox",
  "input event",
  "input placeholder attribute",
  "isolate from unicode-bidi",
  "isolate-override from unicode-bidi",
  "let",
  "letter-spacing CSS property",
  "localeCompare()",
  "matchMedia",
  "matches() DOM method",
  "maxlength attribute for input and textarea elements",
  "meter element",
  "naturalWidth & naturalHeight image properties",
  "plaintext from unicode-bidi",
  "print-color-adjust property",
  "progress element",
  "querySelector/querySelectorAll",
  "readonly attribute of input and textarea elements",
  "rel=noopener",
  "rem (root em) units",
  "requestAnimationFrame",
  "sandbox attribute for iframes",
  "srcdoc attribute for iframes",
  "tabindex global attribute",
  "text-decoration shorthand property",
  "text-decoration-color property",
  "text-decoration-line property",
  "text-decoration-style property",
  "wbr (word break opportunity) element",
  "width: stretch property",
]
`;

exports[`snapshots next.js browserslist 2`] = `
[
  "'SameSite' cookie attribute",
  ":is() CSS pseudo-class",
  "AAC audio file format",
  "Background-clip: text",
  "Blending of HTML/SVG elements",
  "CSS Appearance",
  "CSS Gradients",
  "CSS Hyphenation",
  "CSS Logical Properties",
  "CSS Masks",
  "CSS box-decoration-break",
  "CSS clip-path property (for HTML)",
  "CSS font-smooth",
  "CSS overflow property",
  "CSS page-break properties",
  "CSS position:sticky",
  "CSS scrollbar styling",
  "CSS text-indent",
  "CSS unicode-bidi property",
  "CSS3 Multiple column layout",
  "CSS3 tab-size",
  "Custom Elements (V1)",
  "DNSSEC and DANE",
  "DOMMatrix",
  "Date.prototype.toLocaleDateString",
  "FLAC audio format",
  "Fullscreen API",
  "HTML5 form features",
  "Intrinsic & Extrinsic Sizing",
  "Media Capture from DOM Elements API",
  "Media Fragments",
  "Media Queries: resolution feature",
  "Mutation events",
  "Opus audio format",
  "Path2D",
  "Payment Request API",
  "Resource Hints: dns-prefetch",
  "Ruby annotation",
  "SVG effects for HTML",
  "Scroll methods on elements (scroll, scrollTo, scrollBy)",
  "Srcset and sizes attributes",
  "Streams",
  "Synchronous Clipboard API",
  "Variable fonts",
  "WAI-ARIA Accessibility features",
  "X-Frame-Options HTTP header",
  "autocomplete attribute: on & off values",
  "relList (DOMTokenList)",
  "scrollIntoView",
  "system-ui value for font-family",
  "text-decoration styling",
  "text-emphasis styling",
]
`;

exports[`snapshots next.js browserslist 3`] = `
[
  "#rrggbbaa hex color notation",
  "::file-selector-button CSS pseudo-element",
  ":autofill CSS pseudo-class",
  ":dir() CSS pseudo-class",
  ":focus-visible CSS pseudo-class",
  ":has() CSS relational pseudo-class",
  "AC-3 (Dolby Digital) and EC-3 (Dolby Digital Plus) codecs",
  "AV1 video format",
  "AVIF image format",
  "AbortController & AbortSignal",
  "Accelerometer",
  "Add to home screen (A2HS)",
  "Alternate stylesheet",
  "Ambient Light Sensor",
  "Asynchronous Clipboard API",
  "Audio Tracks",
  "Auxclick",
  "Background Sync API",
  "Battery Status API",
  "BigInt",
  "BroadcastChannel",
  "COLR/CPAL(v0) Font Formats",
  "COLR/CPAL(v1) Font Formats",
  "CSS -webkit-user-drag property",
  "CSS ::backdrop pseudo-element",
  "CSS ::marker pseudo-element",
  "CSS @when / @else conditional rules",
  "CSS Anchor Positioning",
  "CSS Backdrop Filter",
  "CSS Canvas Drawings",
  "CSS Cascade Layers",
  "CSS Conical Gradients",
  "CSS Container Queries (Size)",
  "CSS Container Query Units",
  "CSS Container Style Queries",
  "CSS Containment",
  "CSS Counter Styles",
  "CSS Cross-Fade Function",
  "CSS Device Adaptation",
  "CSS Environment Variables env()",
  "CSS Exclusions Level 1",
  "CSS Grid animation",
  "CSS Initial Letter",
  "CSS Module Scripts",
  "CSS Motion Path",
  "CSS Nesting",
  "CSS Paged Media (@page)",
  "CSS Painting API",
  "CSS Reflections",
  "CSS Regions",
  "CSS Relative color syntax",
  "CSS Scroll Snap",
  "CSS Scroll-behavior",
  "CSS Subgrid",
  "CSS Text 4 text-spacing",
  "CSS Text Box",
  "CSS color() function",
  "CSS content-visibility",
  "CSS display: contents",
  "CSS element() function",
  "CSS filter() function",
  "CSS font-palette",
  "CSS font-size-adjust",
  "CSS font-variant-alternates",
  "CSS hanging-punctuation",
  "CSS if() function",
  "CSS image-set",
  "CSS line-clamp",
  "CSS math functions min(), max() and clamp()",
  "CSS overflow-anchor (Scroll Anchoring)",
  "CSS overflow: overlay",
  "CSS overscroll-behavior",
  "CSS revert value",
  "CSS text-justify",
  "CSS text-size-adjust",
  "CSS text-wrap: balance",
  "CSS touch-action property",
  "CSS widows & orphans",
  "CSS zoom",
  "CSS3 attr() function for all properties",
  "CSS3 image-orientation",
  "CSS3 text-align-last",
  "Client Hints: DPR, Width, Viewport-Width",
  "Color input type",
  "Context menu item (menuitem element)",
  "Cookie Store API",
  "Credential Management API",
  "Custom Elements (deprecated V0 spec)",
  "Custom protocol handling",
  "Customizable Select element",
  "Datalist element",
  "Date and time input types",
  "Declarative Shadow DOM",
  "Decorators",
  "DeviceOrientation & DeviceMotion events",
  "Dialog element",
  "Document Policy",
  "Dynamic Adaptive Streaming over HTTP (MPEG-DASH)",
  "EOT - Embedded OpenType fonts",
  "Efficient Script Yielding: setImmediate()",
  "Element.scrollIntoViewIfNeeded()",
  "Explicit descendant combinator >>",
  "FIDO U2F API",
  "Feature Policy",
  "File System Access API",
  "Filesystem & FileWriter API",
  "Gyroscope",
  "HEIF/HEIC image format",
  "HEVC/H.265 video format",
  "HTML Imports",
  "HTML Media Capture",
  "HTTP Live Streaming (HLS)",
  "HTTP Public Key Pinning",
  "HTTP/3 protocol",
  "ImageCapture API",
  "Import maps",
  "Input Method Editor API",
  "IntersectionObserver",
  "IntersectionObserver V2",
  "Intl.PluralRules API",
  "JPEG 2000 image format",
  "JPEG XL image format",
  "JPEG XR image format",
  "LCH and Lab color values",
  "Lazy loading via attribute for images & iframes",
  "Lookbehind in JS regular expressions",
  "Magnetometer",
  "MathML",
  "Media Queries: Range Syntax",
  "Media Queries: scripting media feature",
  "MediaRecorder API",
  "Network Information API",
  "Object RTC (ORTC) API for WebRTC",
  "Object.observe data binding",
  "OffscreenCanvas",
  "Ogg Vorbis audio format",
  "Ogg/Theora video format",
  "Orientation Sensor",
  "Passkeys",
  "Password Rules",
  "Permissions API",
  "Permissions Policy",
  "Picture-in-Picture",
  "Ping attribute",
  "Pointer events",
  "Portals",
  "Printing Events",
  "Proximity API",
  "Push API",
  "Resize Observer",
  "Resource Hints: Lazyload",
  "Resource Hints: modulepreload",
  "Resource Hints: prefetch",
  "Resource Hints: preload",
  "Resource Hints: prerender",
  "SDCH Accept-Encoding/Content-Encoding",
  "SPDY protocol",
  "SVG favicons",
  "SVG fonts",
  "Scoped Styles: the @scope rule",
  "Scoped attribute",
  "Screen Orientation",
  "Screen Wake Lock API",
  "Server Timing",
  "Shadow DOM (deprecated V0 spec)",
  "Shared Array Buffer",
  "Shared Web Workers",
  "Signed HTTP Exchanges (SXG)",
  "Small, Large, and Dynamic viewport units",
  "Speech Recognition API",
  "Subresource Loading with Web Bundles",
  "TLS 1.3",
  "Temporal",
  "Test feature - updated",
  "Touch events",
  "Trusted Types for DOM manipulation",
  "URL Scroll-To-Text Fragment",
  "Vibration API",
  "Video Tracks",
  "View Transitions (cross-document)",
  "View Transitions API (single-document)",
  "Web Animations API",
  "Web Authentication API",
  "Web Bluetooth",
  "Web MIDI API",
  "Web NFC",
  "Web SQL Database",
  "Web Serial API",
  "Web Share API",
  "WebAssembly BigInt to i64 conversion in JS API",
  "WebAssembly Bulk Memory Operations",
  "WebAssembly Extended Constant Expressions",
  "WebAssembly Garbage Collection",
  "WebAssembly Import/Export of Mutable Globals",
  "WebAssembly Multi-Memory",
  "WebAssembly Multi-Value",
  "WebAssembly Non-trapping float-to-int Conversion",
  "WebAssembly Reference Types",
  "WebAssembly Relaxed SIMD",
  "WebAssembly SIMD",
  "WebAssembly Sign Extension Operators",
  "WebAssembly Tail Calls",
  "WebAssembly Threads and Atomics",
  "WebCodecs API",
  "WebGL 2.0",
  "WebGPU",
  "WebHID API",
  "WebM video format",
  "WebP image format",
  "WebTransport",
  "WebUSB",
  "WebVR API",
  "WebXR Device API",
  "XHTML+SMIL animation",
  "asm.js",
  "createImageBitmap",
  "display: flow-root",
  "display: run-in",
  "flat & flatMap array methods",
  "gap property for Flexbox",
  "inputmode attribute",
  "navigator.hardwareConcurrency",
  "prefers-color-scheme media query",
  "prefers-reduced-motion media query",
  "requestIdleCallback",
  "seamless attribute for iframes",
  "selector list argument of :not()",
  "selector list argument of :nth-child and :nth-last-child CSS pseudo-classes",
  "theme-color Meta Tag",
  "ui-serif, ui-sans-serif, ui-monospace and ui-rounded values for font-family",
  "unhandledrejection/rejectionhandled events",
  "zstd (Zstandard) content-encoding",
]
`;
